Warning: TTY mode is not supported on Windows platform.

  [37;41;1m FAIL [39;49;22m[39m Tests\Feature\FeatureVerificationTest[39m
  [31;1mΓ¿»[39;22m[39m [2mdashboard loads successfully[22m[39m
  [32;1mΓ£ô[39;22m[39m [2mpaket page loads and displays data[22m[39m
  [32;1mΓ£ô[39;22m[39m [2mkaryawan page loads[22m[39m
  [32;1mΓ£ô[39;22m[39m [2mmedical checkup page loads[22m[39m
  [32;1mΓ£ô[39;22m[39m [2mcontract calculator page loads[22m[39m
  [31;1mΓ¿»[39;22m[39m [2mverify thr cetak route exists[22m[39m
  [33;1m-[39;22m[39m [2mtambah pengganti form loads[22m[39m[33m ΓåÆ Skipping specific ID test for now.[39m

  [2m---[22m

  [31;1mΓÇó Tests\Feature\FeatureVerificationTest [39;22m> [31;1mdashboard loads successfully[39;22m
[39;1m  Failed asserting that '```\n
  <!DOCTYPE html>\r\n
  [39;22m[39;1m<html lang="id">[39;22m[39;1m\r\n
  \r\n
  [39;22m[39;1m<head>[39;22m[39;1m\r\n
      [39;22m[39;1m<meta charset="utf-8">[39;22m[39;1m\r\n
      [39;22m[39;1m<meta http-equiv="X-UA-Compatible" content="IE=edge">[39;22m[39;1m\r\n
      [39;22m[39;1m<meta name="viewport" content="width=device-width, initial-scale=1, shrink-to-fit=no">[39;22m[39;1m\r\n
  \r\n
      [39;22m[39;1m<title>[39;22m[39;1mDashboard[39;22m[39;1m</title>[39;22m[39;1m\r\n
      [39;22m[39;1m<meta name="csrf-token" content="ImcDgmOCbcO5fzqCTdYZ5MLqvUc7qqqs49Wu4fAg">[39;22m[39;1m\r\n
  \r\n
      [39;22m[39;1m<link rel="icon" href="http://127.0.0.1:8000/assets/img/sp-white2.png" type="image/png">[39;22m[39;1m\r\n
  \r\n
      <!-- Bootstrap CSS -->\r\n
      [39;22m[39;1m<link href="https://cdn.jsdelivr.net/npm/bootstrap@5.3.3/dist/css/bootstrap.min.css" rel="stylesheet"\r\n
          integrity="sha384-QWTKZyjpPEjISv5WaRU9OFeRpok6YctnYmDr5pNlyT2bRjXh0JMhjY6hW+ALEwIH" crossorigin="anonymous">[39;22m[39;1m\r\n
  \r\n
      <!-- Font Awesome -->\r\n
      [39;22m[39;1m<link href="https://cdnjs.cloudflare.com/ajax/libs/font-awesome/6.5.0/css/all.min.css" rel="stylesheet">[39;22m[39;1m\r\n
  \r\n
      <!-- Select2 CSS -->\r\n
      [39;22m[39;1m<link href="https://cdn.jsdelivr.net/npm/select2@4.1.0-rc.0/dist/css/select2.min.css" rel="stylesheet" />[39;22m[39;1m\r\n
  \r\n
      <!-- DataTables CSS -->\r\n
      [39;22m[39;1m<link rel="stylesheet" href="https://cdn.datatables.net/1.13.6/css/jquery.dataTables.min.css">[39;22m[39;1m\r\n
  \r\n
      <!-- Custom Styles -->\r\n
      [39;22m[39;1m<link href="http://127.0.0.1:8000/css/styles.css" rel="stylesheet">[39;22m[39;1m\r\n
  \r\n
      <!-- Global Table Styles -->\r\n
      [39;22m[39;1m<link href="http://127.0.0.1:8000/css/custom-tables.css" rel="stylesheet">[39;22m[39;1m\r\n
  \r\n
      <!-- Professional ERP Theme -->\r\n
      [39;22m[39;1m<link href="http://127.0.0.1:8000/css/erp-style.css" rel="stylesheet">[39;22m[39;1m\r\n
  \r\n
      [39;22m[39;1m<style>[39;22m[39;1m\r\n
          /* Modern DataTables Search Bar */\r\n
          .dataTables_filter {\r\n
              margin-bottom: 1.5rem;\r\n
          }\r\n
  \r\n
          .dataTables_filter input {\r\n
              border-radius: 20px !important;\r\n
              padding: 0.4rem 1rem 0.4rem 2.5rem !important;\r\n
              font-weight: 600 !important;\r\n
              background-image: url("data:image/svg+xml,%3Csvg xmlns='http://www.w3.org/2000/svg' viewBox='0 0 512 512'%3E%3Cpath fill='%236c757d' d='M416 208c0 45.9-14.9 88.3-40 122.7L502.6 457.4c12.5 12.5 12.5 32.8 0 45.3s-32.8 12.5-45.3 0L330.7 376c-34.4 25.2-76.8 40-122.7 40C93.1 416 0 322.9 0 208S93.1 0 208 0s208 93.1 208 208zM208 352a144 144 0 1 0 0-288 144 144 0 1 0 0 288z'/%3E%3C/svg%3E") !important;\r\n
              background-repeat: no-repeat !important;\r\n
              background-position: 0.8rem center !important;\r\n
              background-size: 1rem !important;\r\n
              border: 1px solid #ced4da !important;\r\n
              transition: all 0.2s ease-in-out !important;\r\n
              width: 250px !important;\r\n
          }\r\n
  \r\n
          .dataTables_filter input:focus {\r\n
              border-color: #0d6efd !important;\r\n
              box-shadow: 0 0 0 0.25rem rgba(13, 110, 253, 0.25) !important;\r\n
              outline: 0 !important;\r\n
          }\r\n
      [39;22m[39;1m</style>[39;22m[39;1m\r\n
  \r\n
  \r\n
      <!-- jQuery (harus paling atas sebelum plugin lain) -->\r\n
      [39;22m[39;1m<script src="https://code.jquery.com/jquery-3.6.0.min.js">[39;22m[39;1m</script>[39;22m[39;1m\r\n
      <!-- Chart JS -->\r\n
      [39;22m[39;1m<script src="https://cdn.jsdelivr.net/npm/chart.js">[39;22m[39;1m</script>[39;22m[39;1m\r\n
      [39;22m[39;1m<script src="https://cdn.jsdelivr.net/npm/chartjs-plugin-datalabels@2.0.0">[39;22m[39;1m</script>[39;22m[39;1m\r\n
  \r\n
  [39;22m[39;1m</head>[39;22m[39;1m\r\n
  \r\n
  [39;22m[39;1m<body class="sb-nav-fixed">[39;22m[39;1m\r\n
  \r\n
      \r\n
      [39;22m[39;1m<nav class="sb-topnav navbar navbar-expand navbar-light bg-white shadow-sm">[39;22m[39;1m\r\n
      [39;22m[39;1m<a class="navbar-brand ps-3 d-flex align-items-center" href="http://127.0.0.1:8000">[39;22m[39;1m\r\n
          [39;22m[39;1m<img src="http://127.0.0.1:8000/assets/img/sp-white2.png" alt="Logo" style="height: 30px; margin-right: 10px;">[39;22m[39;1m\r\n
          Outsourcing SP\r\n
      [39;22m[39;1m</a>[39;22m[39;1m\r\n
      [39;22m[39;1m<button class="btn btn-link btn-sm order-1 order-lg-0 me-4 me-lg-0" id="sidebarToggle">[39;22m[39;1m\r\n
          [39;22m[39;1m<i class="fas fa-bars">[39;22m[39;1m</i>[39;22m[39;1m\r\n
      [39;22m[39;1m</button>[39;22m[39;1m\r\n
      [39;22m[39;1m<ul class="navbar-nav ms-auto me-3">[39;22m[39;1m\r\n
          [39;22m[39;1m<li class="nav-item dropdown">[39;22m[39;1m\r\n
              [39;22m[39;1m<a class="nav-link dropdown-toggle" href="#" role="button" data-bs-toggle="dropdown">[39;22m[39;1m\r\n
                  [39;22m[39;1m<i class="fas fa-user fa-fw">[39;22m[39;1m</i>[39;22m[39;1m\r\n
              [39;22m[39;1m</a>[39;22m[39;1m\r\n
              [39;22m[39;1m<ul class="dropdown-menu dropdown-menu-end">[39;22m[39;1m\r\n
                  [39;22m[39;1m<li>[39;22m[39;1m<a class="dropdown-item" href="http://127.0.0.1:8000/profile">[39;22m[39;1mProfile[39;22m[39;1m</a>[39;22m[39;1m</li>[39;22m[39;1m\r\n
                  [39;22m[39;1m<li>[39;22m[39;1m\r\n
                      [39;22m[39;1m<hr class="dropdown-divider">[39;22m[39;1m\r\n
                  [39;22m[39;1m</li>[39;22m[39;1m\r\n
                  [39;22m[39;1m<li>[39;22m[39;1m\r\n
                      [39;22m[39;1m<a class="dropdown-item" href="#" onclick="event.preventDefault(); confirmLogout();">[39;22m[39;1mLogout[39;22m[39;1m</a>[39;22m[39;1m\r\n
                      [39;22m[39;1m<form id="logout-form" action="http://127.0.0.1:8000/logout" method="POST" class="d-none">[39;22m[39;1m\r\n
                          [39;22m[39;1m<input type="hidden" name="_token" value="ImcDgmOCbcO5fzqCTdYZ5MLqvUc7qqqs49Wu4fAg">[39;22m[39;1m                    [39;22m[39;1m</form>[39;22m[39;1m\r\n
                      [39;22m[39;1m<script>[39;22m[39;1m\r\n
                          function confirmLogout() {\r\n
                              Swal.fire({\r\n
                                  title: 'Konfirmasi Logout',\r\n
                                  text: "Apakah Anda yakin ingin keluar?",\r\n
                                  icon: 'warning',\r\n
                                  showCancelButton: true,\r\n
                                  confirmButtonColor: '#d33',\r\n
                                  cancelButtonColor: 'rgba(11, 203, 50, 1)',\r\n
                                  confirmButtonText: 'Ya, Keluar',\r\n
                                  cancelButtonText: 'Batal'\r\n
                              }).then((result) => {\r\n
                                  if (result.isConfirmed) {\r\n
                                      document.getElementById('logout-form').submit();\r\n
                                  }\r\n
                              })\r\n
                          }\r\n
                      [39;22m[39;1m</script>[39;22m[39;1m\r\n
                  [39;22m[39;1m</li>[39;22m[39;1m\r\n
              [39;22m[39;1m</ul>[39;22m[39;1m\r\n
          [39;22m[39;1m</li>[39;22m[39;1m\r\n
      [39;22m[39;1m</ul>[39;22m[39;1m\r\n
  [39;22m[39;1m</nav>[39;22m[39;1m\r\n
      [39;22m[39;1m<div id="layoutSidenav">[39;22m[39;1m\r\n
          \r\n
          [39;22m[39;1m<div id="layoutSidenav_nav">[39;22m[39;1m\r\n
      [39;22m[39;1m<nav class="sb-sidenav accordion" id="sidenavAccordion">[39;22m[39;1m\r\n
          [39;22m[39;1m<div class="sb-sidenav-menu">[39;22m[39;1m\r\n
              [39;22m[39;1m<div class="nav">[39;22m[39;1m\r\n
  \r\n
                  <!-- Dashboard (Standalone) -->\r\n
                  [39;22m[39;1m<a class="nav-link " href="http://127.0.0.1:8000/dashboard">[39;22m[39;1m\r\n
                      [39;22m[39;1m<div class="sb-nav-link-icon">[39;22m[39;1m<i class="fas fa-tachometer-alt">[39;22m[39;1m</i>[39;22m[39;1m</div>[39;22m[39;1m\r\n
                      Laporan\r\n
                  [39;22m[39;1m</a>[39;22m[39;1m\r\n
  \r\n
                  <!-- SDM & Vendor (Dropdown) -->\r\n
                  [39;22m[39;1m<a class="nav-link collapsed" href="#" data-bs-toggle="collapse" data-bs-target="#collapseSdm"\r\n
                      aria-expanded="false" aria-controls="collapseSdm">[39;22m[39;1m\r\n
                      [39;22m[39;1m<div class="sb-nav-link-icon">[39;22m[39;1m<i class="fas fa-users">[39;22m[39;1m</i>[39;22m[39;1m</div>[39;22m[39;1m\r\n
                      SDM & Vendor\r\n
                      [39;22m[39;1m<div class="sb-sidenav-collapse-arrow">[39;22m[39;1m<i class="fas fa-angle-down">[39;22m[39;1m</i>[39;22m[39;1m</div>[39;22m[39;1m\r\n
                  [39;22m[39;1m</a>[39;22m[39;1m\r\n
                  [39;22m[39;1m<div class="collapse "\r\n
                      id="collapseSdm">[39;22m[39;1m\r\n
                      [39;22m[39;1m<nav class="sb-sidenav-menu-nested nav">[39;22m[39;1m\r\n
                          [39;22m[39;1m<a class="nav-link "\r\n
                              href="http://127.0.0.1:8000/karyawan">[39;22m[39;1m\r\n
                              [39;22m[39;1m<div class="sb-nav-link-icon">[39;22m[39;1m<i class="fas fa-user">[39;22m[39;1m</i>[39;22m[39;1m</div>[39;22m[39;1m\r\n
                              Karyawan\r\n
                          [39;22m[39;1m</a>[39;22m[39;1m\r\n
                          [39;22m[39;1m<a class="nav-link "\r\n
                              href="http://127.0.0.1:8000/perusahaan">[39;22m[39;1m\r\n
                              [39;22m[39;1m<div class="sb-nav-link-icon">[39;22m[39;1m<i class="fas fa-building">[39;22m[39;1m</i>[39;22m[39;1m</div>[39;22m[39;1m\r\n
                              Perusahaan\r\n
                          [39;22m[39;1m</a>[39;22m[39;1m\r\n
                      [39;22m[39;1m</nav>[39;22m[39;1m\r\n
                  [39;22m[39;1m</div>[39;22m[39;1m\r\n
  \r\n
                  <!-- Paket & Penempatan (Dropdown) -->\r\n
                  [39;22m[39;1m<a class="nav-link collapsed" href="#" data-bs-toggle="collapse" data-bs-target="#collapsePaket"\r\n
                      aria-expanded="false" aria-controls="collapsePaket">[39;22m[39;1m\r\n
                      [39;22m[39;1m<div class="sb-nav-link-icon">[39;22m[39;1m<i class="fas fa-box">[39;22m[39;1m</i>[39;22m[39;1m</div>[39;22m[39;1m\r\n
                      Paket & Penempatan\r\n
                      [39;22m[39;1m<div class="sb-sidenav-collapse-arrow">[39;22m[39;1m<i class="fas fa-angle-down">[39;22m[39;1m</i>[39;22m[39;1m</div>[39;22m[39;1m\r\n
                  [39;22m[39;1m</a>[39;22m[39;1m\r\n
                  [39;22m[39;1m<div class="collapse "\r\n
                      id="collapsePaket">[39;22m[39;1m\r\n
                      [39;22m[39;1m<nav class="sb-sidenav-menu-nested nav">[39;22m[39;1m\r\n
                          [39;22m[39;1m<a class="nav-link " href="http://127.0.0.1:8000/paket">[39;22m[39;1m\r\n
                              [39;22m[39;1m<div class="sb-nav-link-icon">[39;22m[39;1m<i class="fas fa-box">[39;22m[39;1m</i>[39;22m[39;1m</div>[39;22m[39;1m\r\n
                              Paket\r\n
                          [39;22m[39;1m</a>[39;22m[39;1m\r\n
                          [39;22m[39;1m<a class="nav-link "\r\n
                              href="http://127.0.0.1:8000/penempatan">[39;22m[39;1m\r\n
                              [39;22m[39;1m<div class="sb-nav-link-icon">[39;22m[39;1m<i class="fas fa-map-marker-alt">[39;22m[39;1m</i>[39;22m[39;1m</div>[39;22m[39;1m\r\n
                              Penempatan\r\n
                          [39;22m[39;1m</a>[39;22m[39;1m\r\n
  \r\n
                          [39;22m[39;1m<a class="nav-link " href="http://127.0.0.1:8000/lokasi">[39;22m[39;1m\r\n
                              [39;22m[39;1m<div class="sb-nav-link-icon">[39;22m[39;1m<i class="fas fa-user-tie">[39;22m[39;1m</i>[39;22m[39;1m</div>[39;22m[39;1m\r\n
                              Lokasi\r\n
                          [39;22m[39;1m</a>[39;22m[39;1m\r\n
                      [39;22m[39;1m</nav>[39;22m[39;1m\r\n
                  [39;22m[39;1m</div>[39;22m[39;1m\r\n
  \r\n
                  <!-- Organisasi (Dropdown) -->\r\n
                  [39;22m[39;1m<a class="nav-link collapsed" href="#" data-bs-toggle="collapse" data-bs-target="#collapseOrganisasi"\r\n
                      aria-expanded="false" aria-controls="collapseOrganisasi">[39;22m[39;1m\r\n
                      [39;22m[39;1m<div class="sb-nav-link-icon">[39;22m[39;1m<i class="fas fa-sitemap">[39;22m[39;1m</i>[39;22m[39;1m</div>[39;22m[39;1m\r\n
                      Organisasi\r\n
                      [39;22m[39;1m<div class="sb-sidenav-collapse-arrow">[39;22m[39;1m<i class="fas fa-angle-down">[39;22m[39;1m</i>[39;22m[39;1m</div>[39;22m[39;1m\r\n
                  [39;22m[39;1m</a>[39;22m[39;1m\r\n
                  [39;22m[39;1m<div class="collapse "\r\n
                      id="collapseOrganisasi">[39;22m[39;1m\r\n
                      [39;22m[39;1m<nav class="sb-sidenav-menu-nested nav">[39;22m[39;1m\r\n
                          [39;22m[39;1m<a class="nav-link "\r\n
                              href="http://127.0.0.1:8000/departemen">[39;22m[39;1m\r\n
                              [39;22m[39;1m<div class="sb-nav-link-icon">[39;22m[39;1m<i class="fas fa-building">[39;22m[39;1m</i>[39;22m[39;1m</div>[39;22m[39;1m\r\n
                              Departemen\r\n
                          [39;22m[39;1m</a>[39;22m[39;1m\r\n
                          [39;22m[39;1m<a class="nav-link " href="http://127.0.0.1:8000/fungsi">[39;22m[39;1m\r\n
                              [39;22m[39;1m<div class="sb-nav-link-icon">[39;22m[39;1m<i class="fas fa-cogs">[39;22m[39;1m</i>[39;22m[39;1m</div>[39;22m[39;1m\r\n
                              Fungsi\r\n
                          [39;22m[39;1m</a>[39;22m[39;1m\r\n
  \r\n
                          [39;22m[39;1m<a class="nav-link "\r\n
                              href="http://127.0.0.1:8000/unit-kerja">[39;22m[39;1m\r\n
                              [39;22m[39;1m<div class="sb-nav-link-icon">[39;22m[39;1m<i class="fas fa-briefcase">[39;22m[39;1m</i>[39;22m[39;1m</div>[39;22m[39;1m\r\n
                              Unit Kerja\r\n
                          [39;22m[39;1m</a>[39;22m[39;1m\r\n
                      [39;22m[39;1m</nav>[39;22m[39;1m\r\n
                  [39;22m[39;1m</div>[39;22m[39;1m\r\n
  \r\n
  \r\n
  \r\n
                  <!-- Tunjangan (Dropdown) -->\r\n
                  [39;22m[39;1m<a class="nav-link collapsed" href="#" data-bs-toggle="collapse" data-bs-target="#collapseTunjangan"\r\n
                      aria-expanded="false" aria-controls="collapseTunjangan">[39;22m[39;1m\r\n
                      [39;22m[39;1m<div class="sb-nav-link-icon">[39;22m[39;1m<i class="fas fa-hand-holding-usd">[39;22m[39;1m</i>[39;22m[39;1m</div>[39;22m[39;1m\r\n
                      Tunjangan\r\n
                      [39;22m[39;1m<div class="sb-sidenav-collapse-arrow">[39;22m[39;1m<i class="fas fa-angle-down">[39;22m[39;1m</i>[39;22m[39;1m</div>[39;22m[39;1m\r\n
                  [39;22m[39;1m</a>[39;22m[39;1m\r\n
                  [39;22m[39;1m<div class="collapse "\r\n
                      id="collapseTunjangan">[39;22m[39;1m\r\n
                      [39;22m[39;1m<nav class="sb-sidenav-menu-nested nav">[39;22m[39;1m\r\n
                          [39;22m[39;1m<a class="nav-link "\r\n
                              href="http://127.0.0.1:8000/jabatan">[39;22m[39;1m\r\n
                              [39;22m[39;1m<div class="sb-nav-link-icon">[39;22m[39;1m<i class="fas fa-id-badge">[39;22m[39;1m</i>[39;22m[39;1m</div>[39;22m[39;1m\r\n
                              Tunjangan Jabatan\r\n
                          [39;22m[39;1m</a>[39;22m[39;1m\r\n
                          [39;22m[39;1m<a class="nav-link " href="http://127.0.0.1:8000/resiko">[39;22m[39;1m\r\n
                              [39;22m[39;1m<div class="sb-nav-link-icon">[39;22m[39;1m<i class="fas fa-exclamation-triangle">[39;22m[39;1m</i>[39;22m[39;1m</div>[39;22m[39;1m\r\n
                              Tunjangan Risiko\r\n
                          [39;22m[39;1m</a>[39;22m[39;1m\r\n
                          [39;22m[39;1m<a class="nav-link "\r\n
                              href="http://127.0.0.1:8000/harianshift">[39;22m[39;1m\r\n
                              [39;22m[39;1m<div class="sb-nav-link-icon">[39;22m[39;1m<i class="fas fa-clock">[39;22m[39;1m</i>[39;22m[39;1m</div>[39;22m[39;1m\r\n
                              Harian/Shift\r\n
                          [39;22m[39;1m</a>[39;22m[39;1m\r\n
                          [39;22m[39;1m<a class="nav-link "\r\n
                              href="http://127.0.0.1:8000/kuotajam">[39;22m[39;1m\r\n
                              [39;22m[39;1m<div class="sb-nav-link-icon">[39;22m[39;1m<i class="fas fa-hourglass-half">[39;22m[39;1m</i>[39;22m[39;1m</div>[39;22m[39;1m\r\n
                              Kuota Jam\r\n
                          [39;22m[39;1m</a>[39;22m[39;1m\r\n
                          [39;22m[39;1m<a class="nav-link "\r\n
                              href="http://127.0.0.1:8000/masakerja">[39;22m[39;1m\r\n
                              [39;22m[39;1m<div class="sb-nav-link-icon">[39;22m[39;1m<i class="fas fa-calendar-alt">[39;22m[39;1m</i>[39;22m[39;1m</div>[39;22m[39;1m\r\n
                              Masa Kerja\r\n
                          [39;22m[39;1m</a>[39;22m[39;1m\r\n
                          [39;22m[39;1m<a class="nav-link "\r\n
                              href="http://127.0.0.1:8000/pakaian">[39;22m[39;1m\r\n
                              [39;22m[39;1m<div class="sb-nav-link-icon">[39;22m[39;1m<i class="fas fa-tshirt">[39;22m[39;1m</i>[39;22m[39;1m</div>[39;22m[39;1m\r\n
                              Pakaian\r\n
                          [39;22m[39;1m</a>[39;22m[39;1m\r\n
                          [39;22m[39;1m<a class="nav-link "\r\n
                              href="http://127.0.0.1:8000/penyesuaian">[39;22m[39;1m\r\n
                              [39;22m[39;1m<div class="sb-nav-link-icon">[39;22m[39;1m<i class="fas fa-sliders-h">[39;22m[39;1m</i>[39;22m[39;1m</div>[39;22m[39;1m\r\n
                              Penyesuaian\r\n
                          [39;22m[39;1m</a>[39;22m[39;1m\r\n
                          [39;22m[39;1m<a class="nav-link "\r\n
                              href="http://127.0.0.1:8000/medical-checkup">[39;22m[39;1m\r\n
                              [39;22m[39;1m<div class="sb-nav-link-icon">[39;22m[39;1m<i class="fas fa-notes-medical">[39;22m[39;1m</i>[39;22m[39;1m</div>[39;22m[39;1m\r\n
                              Medical Checkup\r\n
                          [39;22m[39;1m</a>[39;22m[39;1m\r\n
                          [39;22m[39;1m<a class="nav-link "\r\n
                              href="http://127.0.0.1:8000/lebaran">[39;22m[39;1m\r\n
                              [39;22m[39;1m<div class="sb-nav-link-icon">[39;22m[39;1m<i class="fas fa-calendar-alt">[39;22m[39;1m</i>[39;22m[39;1m</div>[39;22m[39;1m\r\n
                              Data Lebaran\r\n
                          [39;22m[39;1m</a>[39;22m[39;1m\r\n
                      [39;22m[39;1m</nav>[39;22m[39;1m\r\n
                  [39;22m[39;1m</div>[39;22m[39;1m\r\n
  \r\n
                  <!-- UMP (Standalone) -->\r\n
                  [39;22m[39;1m<a class="nav-link " href="http://127.0.0.1:8000/ump">[39;22m[39;1m\r\n
                      [39;22m[39;1m<div class="sb-nav-link-icon">[39;22m[39;1m<i class="fas fa-coins">[39;22m[39;1m</i>[39;22m[39;1m</div>[39;22m[39;1m\r\n
                      UMP\r\n
                  [39;22m[39;1m</a>[39;22m[39;1m\r\n
  \r\n
                  <!-- Kontrak (Standalone) -->\r\n
                  [39;22m[39;1m<a class="nav-link "\r\n
                      href="http://127.0.0.1:8000/kalkulator-kontrak">[39;22m[39;1m\r\n
                      [39;22m[39;1m<div class="sb-nav-link-icon">[39;22m[39;1m<i class="fas fa-file-contract">[39;22m[39;1m</i>[39;22m[39;1m</div>[39;22m[39;1m\r\n
                      Kontrak\r\n
                  [39;22m[39;1m</a>[39;22m[39;1m\r\n
  \r\n
              [39;22m[39;1m</div>[39;22m[39;1m\r\n
          [39;22m[39;1m</div>[39;22m[39;1m\r\n
      [39;22m[39;1m</nav>[39;22m[39;1m\r\n
  [39;22m[39;1m</div>[39;22m[39;1m\r\n
          [39;22m[39;1m<div id="layoutSidenav_content">[39;22m[39;1m\r\n
              [39;22m[39;1m<main>[39;22m[39;1m\r\n
                  [39;22m[39;1m<div class="container-fluid px-4">[39;22m[39;1m\r\n
                          <!-- Modern Header -->\r\n
      [39;22m[39;1m<div class="bg-white p-4 rounded shadow-sm mb-4 mt-4 border-start border-primary border-5">[39;22m[39;1m\r\n
          [39;22m[39;1m<div class="d-flex justify-content-between align-items-center">[39;22m[39;1m\r\n
              [39;22m[39;1m<div>[39;22m[39;1m\r\n
                  [39;22m[39;1m<h1 class="h3 mb-0 text-gray-800">[39;22m[39;1m<i class="fas fa-chart-line me-2 text-primary">[39;22m[39;1m</i>[39;22m[39;1m Dashboard[39;22m[39;1m</h1>[39;22m[39;1m\r\n
                  [39;22m[39;1m<p class="text-muted small mb-0 mt-1">[39;22m[39;1mRingkasan & Analisis Laporan[39;22m[39;1m</p>[39;22m[39;1m\r\n
              [39;22m[39;1m</div>[39;22m[39;1m\r\n
          [39;22m[39;1m</div>[39;22m[39;1m\r\n
      [39;22m[39;1m</div>[39;22m[39;1m\r\n
  \r\n
      <!-- Tabs Navigation (Pills Style with Container) -->\r\n
      [39;22m[39;1m<div class="bg-white p-3 rounded shadow-sm mb-4">[39;22m[39;1m\r\n
          [39;22m[39;1m<ul class="nav nav-pills" id="reportTabs" role="tablist">[39;22m[39;1m\r\n
              [39;22m[39;1m<li class="nav-item me-2" role="presentation">[39;22m[39;1m\r\n
                  [39;22m[39;1m<button class="nav-link active" id="paket-tab" data-bs-toggle="pill" data-bs-target="#paket" type="button"\r\n
                      role="tab">[39;22m[39;1m\r\n
                      [39;22m[39;1m<i class="fas fa-box me-1">[39;22m[39;1m</i>[39;22m[39;1m Analisis Paket\r\n
                  [39;22m[39;1m</button>[39;22m[39;1m\r\n
              [39;22m[39;1m</li>[39;22m[39;1m\r\n
              [39;22m[39;1m<li class="nav-item me-2" role="presentation">[39;22m[39;1m\r\n
                  [39;22m[39;1m<button class="nav-link" id="karyawan-tab" data-bs-toggle="pill" data-bs-target="#karyawan" type="button"\r\n
                      role="tab">[39;22m[39;1m\r\n
                      [39;22m[39;1m<i class="fas fa-users me-1">[39;22m[39;1m</i>[39;22m[39;1m Analisis Karyawan\r\n
                  [39;22m[39;1m</button>[39;22m[39;1m\r\n
              [39;22m[39;1m</li>[39;22m[39;1m\r\n
  \r\n
          [39;22m[39;1m</ul>[39;22m[39;1m\r\n
      [39;22m[39;1m</div>[39;22m[39;1m\r\n
  \r\n
      <!-- Strategic Global KPIs -->\r\n
      [39;22m[39;1m<div class="row mb-4">[39;22m[39;1m\r\n
          <!-- Total Karyawan -->\r\n
          [39;22m[39;1m<div class="col-lg-6 col-md-6 mb-3">[39;22m[39;1m\r\n
              [39;22m[39;1m<div class="card h-100">[39;22m[39;1m\r\n
                  [39;22m[39;1m<div class="card-body p-4 d-flex align-items-center">[39;22m[39;1m\r\n
                      [39;22m[39;1m<div class="rounded-circle d-flex align-items-center justify-content-center me-4 card-icon-bg-white"\r\n
                          style="width: 60px; height: 60px; min-width: 60px;">[39;22m[39;1m\r\n
                          [39;22m[39;1m<i class="fas fa-users fa-2x">[39;22m[39;1m</i>[39;22m[39;1m\r\n
                      [39;22m[39;1m</div>[39;22m[39;1m\r\n
                      [39;22m[39;1m<div>[39;22m[39;1m\r\n
                          [39;22m[39;1m<div class="text-uppercase fw-bold small mb-1"\r\n
                              style="color: var(--text-secondary); letter-spacing: 1px;">[39;22m[39;1mTOTAL\r\n
                              KARYAWAN[39;22m[39;1m</div>[39;22m[39;1m\r\n
                          [39;22m[39;1m<div class="display-6 fw-bold mb-0" style="color: var(--text-primary);">[39;22m[39;1m\r\n
                              2,332\r\n
                          [39;22m[39;1m</div>[39;22m[39;1m\r\n
                          [39;22m[39;1m<div class="text-muted small mt-2">[39;22m[39;1m\r\n
                              Karyawan Terdaftar\r\n
                          [39;22m[39;1m</div>[39;22m[39;1m\r\n
                      [39;22m[39;1m</div>[39;22m[39;1m\r\n
  \r\n
                  [39;22m[39;1m</div>[39;22m[39;1m\r\n
              [39;22m[39;1m</div>[39;22m[39;1m\r\n
          [39;22m[39;1m</div>[39;22m[39;1m\r\n
  \r\n
          <!-- Total Paket -->\r\n
          [39;22m[39;1m<div class="col-lg-6 col-md-6 mb-3">[39;22m[39;1m\r\n
              [39;22m[39;1m<div class="card h-100">[39;22m[39;1m\r\n
                  [39;22m[39;1m<div class="card-body p-4 d-flex align-items-center">[39;22m[39;1m\r\n
                      [39;22m[39;1m<div class="rounded-circle d-flex align-items-center justify-content-center me-4 card-icon-bg-white"\r\n
                          style="width: 60px; height: 60px; min-width: 60px;">[39;22m[39;1m\r\n
                          [39;22m[39;1m<i class="fas fa-box fa-2x">[39;22m[39;1m</i>[39;22m[39;1m\r\n
                      [39;22m[39;1m</div>[39;22m[39;1m\r\n
                      [39;22m[39;1m<div>[39;22m[39;1m\r\n
                          [39;22m[39;1m<div class="text-uppercase fw-bold small mb-1" translate="no"\r\n
                              style="color: var(--text-secondary); letter-spacing: 1px;">[39;22m[39;1mTOTAL PAKET\r\n
                          [39;22m[39;1m</div>[39;22m[39;1m\r\n
                          [39;22m[39;1m<div class="display-6 fw-bold mb-0" style="color: var(--text-primary);">[39;22m[39;1m\r\n
                              268\r\n
                          [39;22m[39;1m</div>[39;22m[39;1m\r\n
                          [39;22m[39;1m<div class="text-muted small mt-2">[39;22m[39;1m\r\n
                              Paket Terdaftar\r\n
                          [39;22m[39;1m</div>[39;22m[39;1m\r\n
                      [39;22m[39;1m</div>[39;22m[39;1m\r\n
                  [39;22m[39;1m</div>[39;22m[39;1m\r\n
              [39;22m[39;1m</div>[39;22m[39;1m\r\n
          [39;22m[39;1m</div>[39;22m[39;1m\r\n
      [39;22m[39;1m</div>[39;22m[39;1m\r\n
  \r\n
      <!-- Tabs Content -->\r\n
      [39;22m[39;1m<div class="tab-content" id="reportTabsContent">[39;22m[39;1m\r\n
  \r\n
          <!-- 1. Analisis Paket Tab -->\r\n
          [39;22m[39;1m<div class="tab-pane fade show active" id="paket" role="tabpanel">[39;22m[39;1m\r\n
  \r\n
              <!-- Top Row: Quota Analysis -->\r\n
              [39;22m[39;1m<div class="row mb-4">[39;22m[39;1m\r\n
                  [39;22m[39;1m<div class="col-lg-6 mb-4">[39;22m[39;1m\r\n
                      [39;22m[39;1m<div class="card border-0 shadow-sm h-100" style="border-radius: 20px;">[39;22m[39;1m\r\n
                          [39;22m[39;1m<div class="card-body">[39;22m[39;1m\r\n
                              [39;22m[39;1m<h6 class="text-center font-weight-bold mb-3">[39;22m[39;1m10 Paket dengan Jumlah Karyawan Terbanyak[39;22m[39;1m</h6>[39;22m[39;1m\r\n
                              [39;22m[39;1m<div style="height: 300px;">[39;22m[39;1m\r\n
                                  [39;22m[39;1m<canvas id="topQuotaChart">[39;22m[39;1m</canvas>[39;22m[39;1m\r\n
                              [39;22m[39;1m</div>[39;22m[39;1m\r\n
                          [39;22m[39;1m</div>[39;22m[39;1m\r\n
                      [39;22m[39;1m</div>[39;22m[39;1m\r\n
                  [39;22m[39;1m</div>[39;22m[39;1m\r\n
                  [39;22m[39;1m<div class="col-lg-6 mb-4">[39;22m[39;1m\r\n
                      [39;22m[39;1m<div class="card border-0 shadow-sm h-100" style="border-radius: 20px;">[39;22m[39;1m\r\n
                          [39;22m[39;1m<div class="card-body">[39;22m[39;1m\r\n
                              [39;22m[39;1m<h6 class="text-center font-weight-bold mb-3">[39;22m[39;1m10 Paket % Kuota Kosong Tertinggi[39;22m[39;1m</h6>[39;22m[39;1m\r\n
                              [39;22m[39;1m<div style="height: 300px;">[39;22m[39;1m\r\n
                                  [39;22m[39;1m<canvas id="emptyQuotaChart">[39;22m[39;1m</canvas>[39;22m[39;1m\r\n
                              [39;22m[39;1m</div>[39;22m[39;1m\r\n
                          [39;22m[39;1m</div>[39;22m[39;1m\r\n
                      [39;22m[39;1m</div>[39;22m[39;1m\r\n
                  [39;22m[39;1m</div>[39;22m[39;1m\r\n
              [39;22m[39;1m</div>[39;22m[39;1m\r\n
  \r\n
              <!-- Bottom Row: Cost & Trend -->\r\n
              [39;22m[39;1m<div class="row">[39;22m[39;1m\r\n
                  [39;22m[39;1m<div class="col-lg-6 mb-4">[39;22m[39;1m\r\n
                      [39;22m[39;1m<div class="card border-0 shadow-sm h-100" style="border-radius: 20px;">[39;22m[39;1m\r\n
                          [39;22m[39;1m<div class="card-body">[39;22m[39;1m\r\n
                              [39;22m[39;1m<h6 class="text-center font-weight-bold mb-3">[39;22m[39;1m10 Paket dengan Total Nilai Kontrak Tertinggi\r\n
                              [39;22m[39;1m</h6>[39;22m[39;1m\r\n
                              [39;22m[39;1m<div style="height: 300px;">[39;22m[39;1m\r\n
                                  [39;22m[39;1m<canvas id="costChart">[39;22m[39;1m</canvas>[39;22m[39;1m\r\n
                              [39;22m[39;1m</div>[39;22m[39;1m\r\n
                          [39;22m[39;1m</div>[39;22m[39;1m\r\n
                      [39;22m[39;1m</div>[39;22m[39;1m\r\n
                  [39;22m[39;1m</div>[39;22m[39;1m\r\n
                  [39;22m[39;1m<div class="col-lg-6 mb-4">[39;22m[39;1m\r\n
                      [39;22m[39;1m<div class="card border-0 shadow-sm h-100" style="border-radius: 20px;">[39;22m[39;1m\r\n
                          [39;22m[39;1m<div class="card-body">[39;22m[39;1m\r\n
                              [39;22m[39;1m<h6 class="text-center font-weight-bold mb-3">[39;22m[39;1mTren Total Nilai Kontrak per Tahun[39;22m[39;1m</h6>[39;22m[39;1m\r\n
                              [39;22m[39;1m<div style="height: 300px;">[39;22m[39;1m\r\n
                                  [39;22m[39;1m<canvas id="contractTrendChart">[39;22m[39;1m</canvas>[39;22m[39;1m\r\n
                              [39;22m[39;1m</div>[39;22m[39;1m\r\n
                          [39;22m[39;1m</div>[39;22m[39;1m\r\n
                      [39;22m[39;1m</div>[39;22m[39;1m\r\n
                  [39;22m[39;1m</div>[39;22m[39;1m\r\n
              [39;22m[39;1m</div>[39;22m[39;1m\r\n
          [39;22m[39;1m</div>[39;22m[39;1m\r\n
  \r\n
          <!-- 2. Analisis Karyawan Tab (Consolidated) -->\r\n
          [39;22m[39;1m<div class="tab-pane fade" id="karyawan" role="tabpanel">[39;22m[39;1m\r\n
              <!-- Ringkasan Demografis -->\r\n
              [39;22m[39;1m<div class="row mb-3">[39;22m[39;1m\r\n
                  [39;22m[39;1m<div class="col-12">[39;22m[39;1m\r\n
                      [39;22m[39;1m<div class="card border-0 shadow-sm" style="border-radius: 20px;">[39;22m[39;1m\r\n
                          [39;22m[39;1m<div class="card-body p-3">[39;22m[39;1m\r\n
                              [39;22m[39;1m<div class="row text-center">[39;22m[39;1m\r\n
                                  [39;22m[39;1m<div class="col-lg-3 col-md-3 col-6 mb-2">[39;22m[39;1m\r\n
                                      [39;22m[39;1m<div class="border-end">[39;22m[39;1m\r\n
                                          [39;22m[39;1m<i class="fas fa-mars text-primary d-block mb-2">[39;22m[39;1m</i>[39;22m[39;1m\r\n
                                          [39;22m[39;1m<div class="h4 mb-0 font-weight-bold text-primary">[39;22m[39;1m\r\n
                                              2,183\r\n
                                                                                          [39;22m[39;1m<small class="text-muted">[39;22m[39;1m(95.6%)[39;22m[39;1m</small>[39;22m[39;1m\r\n
                                          [39;22m[39;1m</div>[39;22m[39;1m\r\n
                                          [39;22m[39;1m<small class="text-muted">[39;22m[39;1mLaki-laki[39;22m[39;1m</small>[39;22m[39;1m\r\n
                                      [39;22m[39;1m</div>[39;22m[39;1m\r\n
                                  [39;22m[39;1m</div>[39;22m[39;1m\r\n
                                  [39;22m[39;1m<div class="col-lg-3 col-md-3 col-6 mb-2">[39;22m[39;1m\r\n
                                      [39;22m[39;1m<div class="border-end">[39;22m[39;1m\r\n
                                          [39;22m[39;1m<i class="fas fa-venus d-block mb-2" style="color: #6ea8fe;">[39;22m[39;1m</i>[39;22m[39;1m\r\n
                                          [39;22m[39;1m<div class="h4 mb-0 font-weight-bold" style="color: #6ea8fe;">[39;22m[39;1m\r\n
                                              94\r\n
                                                                                          [39;22m[39;1m<small class="text-muted">[39;22m[39;1m(4.1%)[39;22m[39;1m</small>[39;22m[39;1m\r\n
                                          [39;22m[39;1m</div>[39;22m[39;1m\r\n
                                          [39;22m[39;1m<small class="text-muted">[39;22m[39;1mPerempuan[39;22m[39;1m</small>[39;22m[39;1m\r\n
                                      [39;22m[39;1m</div>[39;22m[39;1m\r\n
                                  [39;22m[39;1m</div>[39;22m[39;1m\r\n
                                  [39;22m[39;1m<div class="col-lg-3 col-md-3 col-6 mb-2">[39;22m[39;1m\r\n
                                      [39;22m[39;1m<div class="border-end">[39;22m[39;1m\r\n
                                          [39;22m[39;1m<i class="fas fa-user-check text-primary d-block mb-2">[39;22m[39;1m</i>[39;22m[39;1m\r\n
                                          [39;22m[39;1m<div class="h4 mb-0 font-weight-bold text-primary">[39;22m[39;1m\r\n
                                              2,284\r\n
                                                                                          [39;22m[39;1m<small class="text-muted">[39;22m[39;1m(97.9%)[39;22m[39;1m</small>[39;22m[39;1m\r\n
                                          [39;22m[39;1m</div>[39;22m[39;1m\r\n
                                          [39;22m[39;1m<small class="text-muted">[39;22m[39;1mAktif[39;22m[39;1m</small>[39;22m[39;1m\r\n
                                      [39;22m[39;1m</div>[39;22m[39;1m\r\n
                                  [39;22m[39;1m</div>[39;22m[39;1m\r\n
                                  [39;22m[39;1m<div class="col-lg-3 col-md-3 col-6 mb-2">[39;22m[39;1m\r\n
                                      [39;22m[39;1m<i class="fas fa-user-times text-secondary d-block mb-2">[39;22m[39;1m</i>[39;22m[39;1m\r\n
                                      [39;22m[39;1m<div class="h4 mb-0 font-weight-bold text-secondary">[39;22m[39;1m\r\n
                                          48\r\n
                                                                                  [39;22m[39;1m<small class="text-muted">[39;22m[39;1m(2.1%)[39;22m[39;1m</small>[39;22m[39;1m\r\n
                                      [39;22m[39;1m</div>[39;22m[39;1m\r\n
                                      [39;22m[39;1m<small class="text-muted">[39;22m[39;1mTidak Aktif[39;22m[39;1m</small>[39;22m[39;1m\r\n
                                  [39;22m[39;1m</div>[39;22m[39;1m\r\n
                              [39;22m[39;1m</div>[39;22m[39;1m\r\n
                          [39;22m[39;1m</div>[39;22m[39;1m\r\n
                      [39;22m[39;1m</div>[39;22m[39;1m\r\n
                  [39;22m[39;1m</div>[39;22m[39;1m\r\n
              [39;22m[39;1m</div>[39;22m[39;1m\r\n
  \r\n
  \r\n
              <!-- Pertumbuhan Populasi (Full Width) -->\r\n
              [39;22m[39;1m<div class="row mb-4">[39;22m[39;1m\r\n
                  [39;22m[39;1m<div class="col-lg-12 mb-4">[39;22m[39;1m\r\n
                      [39;22m[39;1m<div class="card border-0 shadow-sm h-100" style="border-radius: 20px;">[39;22m[39;1m\r\n
                          [39;22m[39;1m<div class="card-body">[39;22m[39;1m\r\n
                              [39;22m[39;1m<h6 class="text-center font-weight-bold mb-3">[39;22m[39;1mTren Jumlah Karyawan Aktif per Tahun[39;22m[39;1m</h6>[39;22m[39;1m\r\n
                              [39;22m[39;1m<div style="height: 300px;">[39;22m[39;1m\r\n
                                  [39;22m[39;1m<canvas id="populationChart">[39;22m[39;1m</canvas>[39;22m[39;1m\r\n
                              [39;22m[39;1m</div>[39;22m[39;1m\r\n
                          [39;22m[39;1m</div>[39;22m[39;1m\r\n
                      [39;22m[39;1m</div>[39;22m[39;1m\r\n
                  [39;22m[39;1m</div>[39;22m[39;1m\r\n
                  <!-- Department Distribution (New) -->\r\n
                  [39;22m[39;1m<div class="col-lg-12 mb-4">[39;22m[39;1m\r\n
                      [39;22m[39;1m<div class="card border-0 shadow-sm h-100" style="border-radius: 20px;">[39;22m[39;1m\r\n
                          [39;22m[39;1m<div class="card-body">[39;22m[39;1m\r\n
                              [39;22m[39;1m<h6 class="text-center font-weight-bold mb-3">[39;22m[39;1mSebaran per Departemen[39;22m[39;1m</h6>[39;22m[39;1m\r\n
                              [39;22m[39;1m<div style="height: 300px;">[39;22m[39;1m\r\n
                                  [39;22m[39;1m<canvas id="departemenChart">[39;22m[39;1m</canvas>[39;22m[39;1m\r\n
                              [39;22m[39;1m</div>[39;22m[39;1m\r\n
                          [39;22m[39;1m</div>[39;22m[39;1m\r\n
                      [39;22m[39;1m</div>[39;22m[39;1m\r\n
                  [39;22m[39;1m</div>[39;22m[39;1m\r\n
              [39;22m[39;1m</div>[39;22m[39;1m\r\n
  \r\n
              [39;22m[39;1m<div class="row">[39;22m[39;1m\r\n
                  <!-- Demographics Row -->\r\n
                  [39;22m[39;1m<div class="col-lg-6 col-md-6 mb-4">[39;22m[39;1m\r\n
                      [39;22m[39;1m<div class="card border-0 shadow-sm h-100" style="border-radius: 20px;">[39;22m[39;1m\r\n
                          [39;22m[39;1m<div class="card-body">[39;22m[39;1m\r\n
                              [39;22m[39;1m<h6 class="text-center font-weight-bold mb-3">[39;22m[39;1mSebaran Usia[39;22m[39;1m</h6>[39;22m[39;1m\r\n
                              [39;22m[39;1m<div style="height: 300px;">[39;22m[39;1m\r\n
                                  [39;22m[39;1m<canvas id="ageChart">[39;22m[39;1m</canvas>[39;22m[39;1m\r\n
                              [39;22m[39;1m</div>[39;22m[39;1m\r\n
                          [39;22m[39;1m</div>[39;22m[39;1m\r\n
                      [39;22m[39;1m</div>[39;22m[39;1m\r\n
                  [39;22m[39;1m</div>[39;22m[39;1m\r\n
                  [39;22m[39;1m<div class="col-lg-6 col-md-6 mb-4">[39;22m[39;1m\r\n
                      [39;22m[39;1m<div class="card border-0 shadow-sm h-100" style="border-radius: 20px;">[39;22m[39;1m\r\n
                          [39;22m[39;1m<div class="card-body">[39;22m[39;1m\r\n
                              [39;22m[39;1m<h6 class="text-center font-weight-bold mb-3">[39;22m[39;1mMasa Kerja[39;22m[39;1m</h6>[39;22m[39;1m\r\n
                              [39;22m[39;1m<div style="height: 300px;">[39;22m[39;1m\r\n
                                  [39;22m[39;1m<canvas id="tenureChart">[39;22m[39;1m</canvas>[39;22m[39;1m\r\n
                              [39;22m[39;1m</div>[39;22m[39;1m\r\n
                          [39;22m[39;1m</div>[39;22m[39;1m\r\n
                      [39;22m[39;1m</div>[39;22m[39;1m\r\n
                  [39;22m[39;1m</div>[39;22m[39;1m\r\n
  \r\n
                  <!-- Operational & Risk -->\r\n
                  [39;22m[39;1m<div class="col-lg-6 mb-4">[39;22m[39;1m\r\n
                      [39;22m[39;1m<div class="card border-0 shadow-sm h-100" style="border-radius: 20px;">[39;22m[39;1m\r\n
                          [39;22m[39;1m<div class="card-body">[39;22m[39;1m\r\n
                              [39;22m[39;1m<h6 class="text-center font-weight-bold mb-3">[39;22m[39;1mDistribusi Jenis Shift[39;22m[39;1m</h6>[39;22m[39;1m\r\n
                              [39;22m[39;1m<div style="height: 300px;">[39;22m[39;1m\r\n
                                  [39;22m[39;1m<canvas id="shiftChart">[39;22m[39;1m</canvas>[39;22m[39;1m\r\n
                              [39;22m[39;1m</div>[39;22m[39;1m\r\n
                          [39;22m[39;1m</div>[39;22m[39;1m\r\n
                      [39;22m[39;1m</div>[39;22m[39;1m\r\n
                  [39;22m[39;1m</div>[39;22m[39;1m\r\n
                  <!-- Job Distribution -->\r\n
                  [39;22m[39;1m<div class="col-lg-6 mb-4">[39;22m[39;1m\r\n
                      [39;22m[39;1m<div class="card border-0 shadow-sm h-100" style="border-radius: 20px;">[39;22m[39;1m\r\n
                          [39;22m[39;1m<div class="card-body">[39;22m[39;1m\r\n
                              [39;22m[39;1m<h6 class="text-center font-weight-bold mb-3">[39;22m[39;1mDistribusi Jabatan[39;22m[39;1m</h6>[39;22m[39;1m\r\n
                              [39;22m[39;1m<div style="height: 300px;">[39;22m[39;1m\r\n
                                  [39;22m[39;1m<canvas id="jabatanChart">[39;22m[39;1m</canvas>[39;22m[39;1m\r\n
                              [39;22m[39;1m</div>[39;22m[39;1m\r\n
                          [39;22m[39;1m</div>[39;22m[39;1m\r\n
                      [39;22m[39;1m</div>[39;22m[39;1m\r\n
                  [39;22m[39;1m</div>[39;22m[39;1m\r\n
              [39;22m[39;1m</div>[39;22m[39;1m\r\n
  \r\n
  \r\n
  \r\n
          [39;22m[39;1m</div>[39;22m[39;1m\r\n
  \r\n
          <!-- Load Chart.js dan Plugin Label -->\r\n
          [39;22m[39;1m<script src="https://cdn.jsdelivr.net/npm/chart.js">[39;22m[39;1m</script>[39;22m[39;1m\r\n
          [39;22m[39;1m<script src="https://cdn.jsdelivr.net/npm/chartjs-plugin-datalabels">[39;22m[39;1m</script>[39;22m[39;1m\r\n
  \r\n
          [39;22m[39;1m<script>[39;22m[39;1m\r\n
              document.addEventListener('DOMContentLoaded', function () {\r\n
                  // Safety check for Chart.js\r\n
                  if (typeof Chart === 'undefined') {\r\n
                      console.error('Chart.js not loaded');\r\n
                      return;\r\n
                  }\r\n
  \r\n
                  const chartInstances = {};\r\n
  \r\n
                  function makeBarChart(canvasId, labels, data, label, options = {}) {\r\n
                      try {\r\n
                          const canvas = document.getElementById(canvasId);\r\n
                          if (!canvas) return;\r\n
  \r\n
                          if (chartInstances[canvasId]) {\r\n
                              chartInstances[canvasId].destroy();\r\n
                              delete chartInstances[canvasId];\r\n
                          }\r\n
  \r\n
                          const ctx = canvas.getContext('2d');\r\n
                          const defaultConfig = {\r\n
                              responsive: true,\r\n
                              maintainAspectRatio: false,\r\n
                              plugins: { legend: { display: false } },\r\n
                              scales: { y: { beginAtZero: true } }\r\n
                          };\r\n
                          const finalOptions = { ...defaultConfig, ...options };\r\n
  \r\n
                          chartInstances[canvasId] = new Chart(ctx, {\r\n
                              type: 'bar',\r\n
                              data: {\r\n
                                  labels: labels || [],\r\n
                                  datasets: [{\r\n
                                      label: label,\r\n
                                      data: data || [],\r\n
                                      // Dark Mode Gradient for Bar\r\n
                                      backgroundColor: function (context) {\r\n
                                          const chart = context.chart;\r\n
                                          const { ctx, chartArea } = chart;\r\n
                                          if (!chartArea) return null;\r\n
                                          const gradient = ctx.createLinearGradient(0, chartArea.bottom, 0, chartArea.top);\r\n
                                          gradient.addColorStop(0, 'rgba(59, 130, 246, 0.2)');\r\n
                                          gradient.addColorStop(1, 'rgba(59, 130, 246, 0.8)');\r\n
                                          return gradient;\r\n
                                      },\r\n
                                      borderColor: 'rgba(59, 130, 246, 1)',\r\n
                                      borderWidth: 0,\r\n
                                      borderRadius: 4,\r\n
                                      fill: true,\r\n
                                      tension: 0.4, // Smooth Curves (Spline)\r\n
                                      categoryPercentage: 0.8\r\n
                                  }]\r\n
                              },\r\n
                              options: finalOptions\r\n
                          });\r\n
                      } catch (e) {\r\n
                          console.error('Error rendering chart ' + canvasId, e);\r\n
                      }\r\n
                  }\r\n
  \r\n
                  function makePieChart(canvasId, labels, data, bgColors) {\r\n
                      try {\r\n
                          const canvas = document.getElementById(canvasId);\r\n
                          if (!canvas) return;\r\n
  \r\n
                          if (chartInstances[canvasId]) {\r\n
                              chartInstances[canvasId].destroy();\r\n
                              delete chartInstances[canvasId];\r\n
                          }\r\n
  \r\n
                          const ctx = canvas.getContext('2d');\r\n
                          chartInstances[canvasId] = new Chart(ctx, {\r\n
                              type: 'doughnut',\r\n
                              data: {\r\n
                                  labels: labels || [],\r\n
                                  datasets: [{\r\n
                                      data: data || [],\r\n
                                      backgroundColor: bgColors,\r\n
                                      hoverOffset: 4\r\n
                                  }]\r\n
                              },\r\n
                              options: { responsive: true, maintainAspectRatio: false, plugins: { legend: { position: 'bottom' } } }\r\n
                          });\r\n
                      } catch (e) {\r\n
                          console.error('Error rendering pie ' + canvasId, e);\r\n
                      }\r\n
                  }\r\n
  \r\n
                  // renderPacketCharts() function removed - charts were deleted during cleanup\r\n
  \r\n
  \r\n
                  function renderKaryawanCharts() {\r\n
                      try {\r\n
                          // Demographics (Gender & Status moved to summary card - charts removed)\r\n
                          makeBarChart('ageChart', ["< 20","20-29","30-39","40-49","50+"], [5,273,696,782,517], 'Jumlah');\r\n
                          makeBarChart('tenureChart', ["< 1 Tahun","1-3 Tahun","3-5 Tahun","5-10 Tahun","> 10 Tahun"], [7,285,1317,234,440], 'Jumlah', {\r\n
                              backgroundColor: 'rgba(100, 116, 139, 0.7)',\r\n
                              borderColor: 'rgba(100, 116, 139, 1)'\r\n
                          });\r\n
                          // originChart removed - no decision-making value\r\n
  \r\n
                          // Dynamics\r\n
                          const dynCtx = document.getElementById('dynamicsChart');\r\n
                          if (dynCtx) {\r\n
                              if (chartInstances['dynamicsChart']) chartInstances['dynamicsChart'].destroy();\r\n
                              chartInstances['dynamicsChart'] = new Chart(dynCtx.getContext('2d'), {\r\n
                                  type: 'line',\r\n
                                  data: {\r\n
                                      labels: [1999,2000,2001,2002,2003,2004,2005,2006,2007,2008,2009,2010,2011,2012,2013,2014,2015,2016,2017,2018,2019,2020,2021,2022,2023,2024,2025,2026],\r\n
                                      datasets: [\r\n
                                          {\r\n
                                              label: 'Masuk',\r\n
                                              data: [36,112,58,26,17,10,3,17,7,15,24,22,10,18,18,38,14,29,114,11,36,39,12,1247,153,193,4,12],\r\n
                                              borderColor: 'rgb(14, 165, 233)',\r\n
                                              tension: 0.1\r\n
                                          },\r\n
                                          {\r\n
                                              label: 'Keluar',\r\n
                                              data: [0,0,0,0,0,0,0,0,0,0,0,0,0,0,0,0,0,0,0,0,0,0,0,0,0,0,0,8],\r\n
                                              borderColor: 'rgb(239, 68, 68)',\r\n
                                              tension: 0.1\r\n
                                          }\r\n
                                      ]\r\n
                                  },\r\n
                                  options: { responsive: true, maintainAspectRatio: false }\r\n
                              });\r\n
                          }\r\n
  \r\n
                          // Population\r\n
                          const popCtx = document.getElementById('populationChart');\r\n
                          if (popCtx) {\r\n
                              if (chartInstances['populationChart']) chartInstances['populationChart'].destroy();\r\n
                              chartInstances['populationChart'] = new Chart(popCtx.getContext('2d'), {\r\n
                                  type: 'line',\r\n
                                  data: {\r\n
                                      labels: [1999,2000,2001,2002,2003,2004,2005,2006,2007,2008,2009,2010,2011,2012,2013,2014,2015,2016,2017,2018,2019,2020,2021,2022,2023,2024,2025,2026],\r\n
                                      datasets: [{\r\n
                                          label: 'Total Populasi',\r\n
                                          data: [37,149,207,233,250,260,263,280,287,302,326,348,358,376,394,432,446,475,589,600,636,675,687,1931,2083,2276,2280,2284],\r\n
                                          borderColor: 'rgb(59, 130, 246)',\r\n
                                          backgroundColor: 'rgba(59, 130, 246, 0.1)',\r\n
                                          fill: true,\r\n
                                          tension: 0.4\r\n
                                      }]\r\n
                                  },\r\n
                                  options: { responsive: true, maintainAspectRatio: false }\r\n
                              });\r\n
                          }\r\n
  \r\n
  \r\n
                          makeBarChart('shiftChart', ["Harian","Shift"], [1336,941], 'Jumlah Karyawan', {\r\n
                              indexAxis: 'y',\r\n
                              backgroundColor: 'rgba(14, 165, 233, 0.7)',\r\n
                              borderColor: 'rgba(14, 165, 233, 1)'\r\n
                          });\r\n
  \r\n
  \r\n
                          // Added Jabatan Chart\r\n
                          makeBarChart('jabatanChart', ["Pelaksana III","Pelaksana II","Pelaksana I","Pengawas III","Pengawas II","Pengawas I"], [1037,589,384,146,80,41], 'Jumlah Karyawan', {\r\n
                              indexAxis: 'y',\r\n
                              backgroundColor: 'rgba(100, 116, 139, 0.7)',\r\n
                              borderColor: 'rgba(100, 116, 139, 1)'\r\n
                          });\r\n
  \r\n
                          // Added Departemen Chart (Vertical Bar for better readability with many depts)\r\n
                          makeBarChart('departemenChart', ["Dept. Tambang dan Pengelolaan Bahan Baku","Dept. Rendal Produksi","Dept. Pemeliharaan","Dept. Produksi Semen","Dept. Prod. Terak","Departemen SDM","Bisnis Inkubasi Non Semen","(SI) Dept. Procurement ","(SI) GM of DIstribution Management","(SI) Dept. of Transportation Management","Dept. Keuangan","(Unit) SHE","Project Management Office","(SI) Dept. Penjualan Regional 1","(Unit) Sistem Manajemen","(Unit) Quality Assurance","Dept. SDM & GRC","Dept. Project Management office","Internal Audit"], [439,367,322,313,244,210,108,60,40,29,27,26,24,22,18,13,10,7,4], 'Jumlah Karyawan', {\r\n
                              backgroundColor: 'rgba(59, 130, 246, 0.7)',\r\n
                              borderColor: 'rgba(59, 130, 246, 1)'\r\n
                          });\r\n
  \r\n
                      } catch (e) { console.error('Error rendering karyawan charts', e); }\r\n
                  }\r\n
  \r\n
  \r\n
  \r\n
  \r\n
  \r\n
                  // Event Listeners\r\n
                  const triggerTabList = [].slice.call(document.querySelectorAll('#reportTabs button'));\r\n
                  triggerTabList.forEach(function (triggerEl) {\r\n
                      triggerEl.addEventListener('shown.bs.tab', function (event) {\r\n
                          const targetId = event.target.getAttribute('data-bs-target');\r\n
                          if (targetId === '#paket') renderPacketCharts();\r\n
                          if (targetId === '#karyawan') renderKaryawanCharts();\r\n
  \r\n
                      });\r\n
                  });\r\n
  \r\n
                  // Initial Render for Active Tab\r\n
                  if (document.querySelector('#paket.active')) {\r\n
                      renderPacketCharts();\r\n
                  }\r\n
  \r\n
                  // Packet Charts Rendering\r\n
                  function renderPacketCharts() {\r\n
                      try {\r\n
                          // 1. Top Quota (Jumlah Karyawan Terbanyak)\r\n
                          makeBarChart('topQuotaChart',\r\n
                              ["Paket 115","Paket 35","Paket 105","Paket 218","Paket 247","Paket 5","Paket 77","Paket 270","Paket 123","Paket 230"],\r\n
                              [90,76,62,61,56,53,44,41,37,36],\r\n
                              'Jumlah Karyawan',\r\n
                              { indexAxis: 'y' }\r\n
                          );\r\n
  \r\n
                          // 2. Empty Quota (Stacked: Terisi vs Kosong)\r\n
                          // Use makeBarChart to ensure Gradient Consistency\r\n
                          makeBarChart('emptyQuotaChart',\r\n
                              ["Paket 1002","Paket 1003","Paket 1004","Paket 1005","Paket 1001","Paket 235","Paket 246","Paket 244","Paket 199","Paket 69"],\r\n
                              [90,90,90,90,80,50,50,33.3,28.6,25],\r\n
                              '% Kekosongan',\r\n
                              {\r\n
                                  indexAxis: 'y',\r\n
                                  scales: { x: { ticks: { callback: value => value + '%' } } },\r\n
                                  plugins: {\r\n
                                      tooltip: {\r\n
                                          callbacks: {\r\n
                                              label: function (tooltipItem) {\r\n
                                                  return tooltipItem.formattedValue + '%';\r\n
                                              },\r\n
                                              footer: function (tooltipItems) {\r\n
                                                  const index = tooltipItems[0].dataIndex;\r\n
                                                  const paketTotal = [10,10,10,10,10,2,2,9,7,4];\r\n
                                                  const paketTerisi = [1,1,1,1,2,1,1,6,5,3];\r\n
                                                  const paketKosong = [9,9,9,9,8,1,1,3,2,1];\r\n
                                                  return `Total: ${paketTotal[index]}\nTerisi: ${paketTerisi[index]}\nKosong: ${paketKosong[index]}`;\r\n
                                              }\r\n
                                          }\r\n
                                      }\r\n
                                  }\r\n
                              }\r\n
                          );\r\n
  \r\n
  \r\n
                          // 3. Cost Analysis\r\n
                          // 3. Cost Analysis (Estimation per Paket)\r\n
                          makeBarChart('costChart',\r\n
                              ["Paket 115","Paket 35","Paket 218","Paket 1","Paket 105","Paket 247","Paket 5","Paket 270","Paket 10","Paket 77"],\r\n
                              ["541301926.00","485017634.00","474269926.00","447561766.00","388367624.00","341998402.00","341234801.00","313076865.00","300769724.00","287293325.00"],\r\n
                              'Total Nilai (Rp)',\r\n
                              {\r\n
                                  indexAxis: 'y',\r\n
                                  // Note: makeBarChart enforces Blue Gradient by default, overriding manual colors\r\n
                                  scales: { x: { ticks: { callback: value => 'Rp ' + (value / 1000000).toFixed(0) + ' Jt' } } }\r\n
                              }\r\n
                          );\r\n
  \r\n
                          // 4. Contract Trend\r\n
                          // 4. Contract Trend (Adjusted for Clarity)\r\n
                          const trendCtx = document.getElementById('contractTrendChart');\r\n
                          if (trendCtx) {\r\n
                              if (chartInstances['contractTrendChart']) chartInstances['contractTrendChart'].destroy();\r\n
                              const trendLabels = ["2025","2026"];\r\n
                              const trendData = ["360296347.00","14721779017.00"];\r\n
  \r\n
                              // Use Bar chart if less than 2 data points for better visibility\r\n
                              const chartType = trendLabels.length < 2 ? 'bar' : 'line';\r\n
  \r\n
                              // Define Gradient for Line Chart Fill\r\n
                              const trendGradient = trendCtx.getContext('2d').createLinearGradient(0, 400, 0, 0);\r\n
                              trendGradient.addColorStop(0, 'rgba(59, 130, 246, 0.0)');\r\n
                              trendGradient.addColorStop(1, 'rgba(59, 130, 246, 0.2)');\r\n
  \r\n
                              chartInstances['contractTrendChart'] = new Chart(trendCtx.getContext('2d'), {\r\n
                                  type: chartType,\r\n
                                  data: {\r\n
                                      labels: trendLabels,\r\n
                                      datasets: [{\r\n
                                          label: 'Total Nilai Kontrak',\r\n
                                          data: trendData,\r\n
                                          borderColor: 'rgb(59, 130, 246)', // Blue 500\r\n
                                          backgroundColor: trendGradient,   // Matching Line Gradient\r\n
                                          fill: true,\r\n
                                          tension: 0.4, // Smooth Spline\r\n
                                          pointBackgroundColor: '#fff',\r\n
                                          pointBorderColor: 'rgb(59, 130, 246)',\r\n
                                          pointBorderWidth: 2,\r\n
                                          pointRadius: 4,\r\n
                                          pointHoverRadius: 6,\r\n
                                          barPercentage: 0.5\r\n
                                      }]\r\n
                                  },\r\n
                                  options: {\r\n
                                      responsive: true,\r\n
                                      maintainAspectRatio: false,\r\n
                                      interaction: { mode: 'index', intersect: false },\r\n
                                      plugins: { legend: { display: false } }, // Hide Legend for consistency with bars\r\n
                                      scales: {\r\n
                                          y: {\r\n
                                              title: { display: true, text: 'Total Nilai (Rp)' },\r\n
                                              beginAtZero: true,\r\n
                                              ticks: {\r\n
                                                  color: '#64748b',\r\n
                                                  callback: function (value) {\r\n
                                                      if (value >= 1000000000) {\r\n
                                                          return 'Rp ' + (value / 1000000000).toFixed(1) + ' M';\r\n
                                                      } else {\r\n
                                                          return 'Rp ' + (value / 1000000).toFixed(0) + ' Jt';\r\n
                                                      }\r\n
                                                  }\r\n
                                              },\r\n
                                              grid: { color: '#e2e8f0' }\r\n
                                          },\r\n
                                          x: {\r\n
                                              ticks: { color: '#64748b' },\r\n
                                              grid: { display: false },\r\n
                                              title: { display: true, text: 'Tahun' }\r\n
                                          }\r\n
                                      }\r\n
                                  }\r\n
                              });\r\n
                          }\r\n
  \r\n
                      } catch (e) { console.error('Error rendering packet charts', e); }\r\n
                  }\r\n
  \r\n
                  // Initial Render\r\n
                  renderPacketCharts();\r\n
              });\r\n
          [39;22m[39;1m</script>[39;22m[39;1m\r\n
                  [39;22m[39;1m</div>[39;22m[39;1m\r\n
              [39;22m[39;1m</main>[39;22m[39;1m\r\n
  \r\n
              \r\n
              [39;22m[39;1m<footer class="py-4 bg-light mt-auto">[39;22m[39;1m\r\n
      [39;22m[39;1m<div class="container-fluid px-4">[39;22m[39;1m\r\n
          [39;22m[39;1m<div class="text-muted text-center">[39;22m[39;1m&copy; 2026 - Outsourcing Semen Padang. All Rights Reserved.[39;22m[39;1m</div>[39;22m[39;1m\r\n
      [39;22m[39;1m</div>[39;22m[39;1m\r\n
  [39;22m[39;1m</footer>[39;22m[39;1m        [39;22m[39;1m</div>[39;22m[39;1m\r\n
      [39;22m[39;1m</div>[39;22m[39;1m\r\n
  \r\n
      <!-- Bootstrap Bundle -->\r\n
      [39;22m[39;1m<script src="https://cdn.jsdelivr.net/npm/bootstrap@5.3.3/dist/js/bootstrap.bundle.min.js"\r\n
          integrity="sha384-YvpcrYf0tY3lHB60NNkmXc5s9fDVZLESaAA55NDzOxhy9GkcIdslK1eN7N6jIeHz"\r\n
          crossorigin="anonymous">[39;22m[39;1m</script>[39;22m[39;1m\r\n
  \r\n
      <!-- Select2 JS -->\r\n
      [39;22m[39;1m<script src="https://cdn.jsdelivr.net/npm/select2@4.1.0-rc.0/dist/js/select2.min.js">[39;22m[39;1m</script>[39;22m[39;1m\r\n
  \r\n
      <!-- DataTables JS -->\r\n
      [39;22m[39;1m<script src="https://cdn.datatables.net/1.13.6/js/jquery.dataTables.min.js">[39;22m[39;1m</script>[39;22m[39;1m\r\n
  \r\n
      <!-- jQuery Mask (opsional) -->\r\n
      [39;22m[39;1m<script src="https://cdnjs.cloudflare.com/ajax/libs/jquery.mask/1.14.16/jquery.mask.min.js">[39;22m[39;1m</script>[39;22m[39;1m\r\n
  \r\n
      <!-- SweetAlert2 -->\r\n
      [39;22m[39;1m<script src="https://cdn.jsdelivr.net/npm/sweetalert2@11">[39;22m[39;1m</script>[39;22m[39;1m\r\n
  \r\n
      <!-- Custom Scripts -->\r\n
      [39;22m[39;1m<script src="http://127.0.0.1:8000/js/scripts.js">[39;22m[39;1m</script>[39;22m[39;1m\r\n
  \r\n
      <!-- Inisialisasi Select2 dan DataTable -->\r\n
      [39;22m[39;1m<script>[39;22m[39;1m\r\n
          $(document).ready(function () {\r\n
              $('.select2').select2({\r\n
                  width: '100%'\r\n
              });\r\n
  \r\n
              $('.datatable').each(function () {\r\n
                  if (!$.fn.DataTable.isDataTable(this)) {\r\n
                      $(this).DataTable({\r\n
                          lengthChange: false,\r\n
                          language: {\r\n
                              "decimal": "",\r\n
                              "emptyTable": "Tidak ada data yang tersedia pada tabel ini",\r\n
                              "info": "Menampilkan _START_ sampai _END_ dari _TOTAL_ entri",\r\n
                              "infoEmpty": "Menampilkan 0 sampai 0 dari 0 entri",\r\n
                              "infoFiltered": "(disaring dari _MAX_ entri keseluruhan)",\r\n
                              "infoPostFix": "",\r\n
                              "thousands": ",",\r\n
                              "lengthMenu": "Tampilkan _MENU_ entri",\r\n
                              "loadingRecords": "Memuat...",\r\n
                              "processing": "Memproses...",\r\n
                              "search": "",\r\n
                              "searchPlaceholder": "Cari data...",\r\n
                              "zeroRecords": "Tidak ditemukan data yang sesuai",\r\n
                              "paginate": {\r\n
                                  "first": "Pertama",\r\n
                                  "last": "Terakhir",\r\n
                                  "next": "Selanjutnya",\r\n
                                  "previous": "Sebelumnya"\r\n
                              },\r\n
                              "aria": {\r\n
                                  "sortAscending": ": aktifkan untuk mengurutkan kolom ke atas",\r\n
                                  "sortDescending": ": aktifkan untuk mengurutkan kolom ke bawah"\r\n
                              }\r\n
                          },\r\n
                          initComplete: function () {\r\n
                              const table = this.api();\r\n
                              const container = $(table.table().container());\r\n
                              const infoDiv = container.find('.dataTables_info');\r\n
  \r\n
                              // Create the checkbox HTML with separator\r\n
                              const switchId = 'showAllSwitch_' + Math.random().toString(36).substr(2, 9);\r\n
                              const checkboxHtml = `\r\n
                                  [39;22m[39;1m<div class="d-inline-block me-2" style="vertical-align: middle;">[39;22m[39;1m\r\n
                                      [39;22m[39;1m<div class="form-check d-inline-block me-2">[39;22m[39;1m\r\n
                                          [39;22m[39;1m<input class="form-check-input btn-show-all-switch" type="checkbox" id="${switchId}" style="cursor: pointer;">[39;22m[39;1m\r\n
                                          [39;22m[39;1m<label class="form-check-label small fw-bold text-muted" for="${switchId}" style="cursor: pointer;">[39;22m[39;1mTampilkan semua[39;22m[39;1m</label>[39;22m[39;1m\r\n
                                      [39;22m[39;1m</div>[39;22m[39;1m\r\n
                                      [39;22m[39;1m<span class="text-muted me-2">[39;22m[39;1m|[39;22m[39;1m</span>[39;22m[39;1m\r\n
                                  [39;22m[39;1m</div>[39;22m[39;1m\r\n
                              `;\r\n
  \r\n
                              // Create a wrapper for same-line alignment without affecting siblings (pagination)\r\n
                              const flexWrapper = $('[39;22m[39;1m<div class="d-flex align-items-center flex-wrap mt-2">[39;22m[39;1m</div>[39;22m[39;1m');\r\n
                              infoDiv.before(flexWrapper);\r\n
                              flexWrapper.append(checkboxHtml);\r\n
                              flexWrapper.append(infoDiv);\r\n
  \r\n
                              infoDiv.addClass('mb-0 ms-1');\r\n
                              infoDiv.css('padding-top', '0'); // Reset padding to align with checkbox\r\n
  \r\n
                              container.on('change', '.btn-show-all-switch', function () {\r\n
                                  if (this.checked) {\r\n
                                      table.page.len(-1).draw();\r\n
                                  } else {\r\n
                                      table.page.len(10).draw();\r\n
                                  }\r\n
                              });\r\n
                          }\r\n
                      });\r\n
                  }\r\n
              });\r\n
          });\r\n
      [39;22m[39;1m</script>[39;22m[39;1m\r\n
  \r\n
      <!-- Notifikasi SweetAlert dari Session -->\r\n
      \r\n
      \r\n
      <!-- Global Delete Handler with SweetAlert -->\r\n
      [39;22m[39;1m<script>[39;22m[39;1m\r\n
          $(document).ready(function () {\r\n
              $(document).on('click', '.btn-delete', function (e) {\r\n
                  e.preventDefault();\r\n
                  var deleteUrl = $(this).attr('href');\r\n
                  Swal.fire({\r\n
                      title: 'Apakah Anda Yakin?',\r\n
                      text: "Data akan dipindahkan ke sampah dan dapat dipulihkan!",\r\n
                      icon: 'warning',\r\n
                      showCancelButton: true,\r\n
                      confirmButtonColor: '#d33',\r\n
                      cancelButtonColor: '#3085d6',\r\n
                      confirmButtonText: 'Ya, Hapus!',\r\n
                      cancelButtonText: 'Batal'\r\n
                  }).then((result) => {\r\n
                      if (result.isConfirmed) {\r\n
                          window.location.href = deleteUrl;\r\n
                      }\r\n
                  });\r\n
              });\r\n
  \r\n
              // Global Bootstrap Tooltip Initialization\r\n
              var tooltipTriggerList = [].slice.call(document.querySelectorAll('[data-bs-toggle="tooltip"]'));\r\n
              var tooltipList = tooltipTriggerList.map(function (tooltipTriggerEl) {\r\n
                  return new bootstrap.Tooltip(tooltipTriggerEl);\r\n
              });\r\n
          });\r\n
      [39;22m[39;1m</script>[39;22m[39;1m\r\n
      \r\n
  [39;22m[39;1m</body>[39;22m[39;1m\r\n
  \r\n
  [39;22m[39;1m</html>[39;22m[39;1m' contains "TOTAL KARYAWAN".[39;22m

  at [32mC:\Tugas Aufa\Outsourcing KP\tests\Feature\FeatureVerificationTest.php[39m:[32m45[39m
     41Γûò     public function dashboard_loads_successfully()
     42Γûò     {
     43Γûò         $response = $this->actingAs($this->user)->get('/');
     44Γûò         $response->assertStatus(200);
  Γ₧£  45Γûò         $response->assertSee('TOTAL KARYAWAN'); 
     46Γûò     }
     47Γûò 
     48Γûò     /** @test */
     49Γûò     public function paket_page_loads_and_displays_data()

  [33m1   [39m[39;1mC:\Tugas Aufa\Outsourcing KP\vendor\phpunit\phpunit\phpunit[39;22m:[39;1m107[39;22m
  [90m    PHPUnit\TextUI\Command::main()[39m

  [31;1mΓÇó Tests\Feature\FeatureVerificationTest [39;22m> [31;1mverify thr cetak route exists[39;22m
  [41;1m PHPUnit\Framework\ExceptionWrapper [49;22m

[39;1m  No query results for model [App\Models\NilaiKontrak].[39;22m

  at [32mC:\Tugas Aufa\Outsourcing KP\vendor\laravel\framework\src\Illuminate\Database\Eloquent\Builder.php[39m:[32m598[39m
    594Γûò         if (! is_null($model = $this->first($columns))) {
    595Γûò             return $model;
    596Γûò         }
    597Γûò 
  Γ₧£ 598Γûò         throw (new ModelNotFoundException)->setModel(get_class($this->model));
    599Γûò     }
    600Γûò 
    601Γûò     /**
    602Γûò      * Execute the query and get the first result or call a callback.

  [33m1   [39m[39;1mC:\Tugas Aufa\Outsourcing KP\vendor\phpunit\phpunit\phpunit[39;22m:[39;1m107[39;22m
  [90m    PHPUnit\TextUI\Command::main()[39m


  [37;1mTests:  [39;22m[31;1m2 failed[39;22m[39m, [39m[33;1m1 skipped[39;22m[39m, [39m[32;1m4 passed[39;22m
  [37;1mTime:   [39;22m[39m2.07s[39m


